// Vitest Snapshot v1, https://vitest.dev/guide/snapshot.html

exports[`SearchFrom > renders snapshot 1`] = `
<form
  class="_searchForm_48b8bb"
>
  <label
    class="_label_48b8bb"
    for="search"
  >
    <strong>
      Search: 
    </strong>
  </label>
   
  <input
    class="_input_48b8bb"
    id="search"
    type="text"
    value="React"
  />
  <button
    type="submit"
  >
    Submit
  </button>
</form>
`;

exports[`searchFrom > renders snapshot 1`] = `
<searchfrom
  searchterm="React"
/>
`;
